System Performance Report - Thu 08 Aug 2024 08:20:44 PM IST
Checking Disk Usage...
Filesystem      Size  Used Avail Use% Mounted on
udev            7.7G     0  7.7G   0% /dev
tmpfs           1.6G  2.7M  1.6G   1% /run
/dev/nvme0n1p3  461G   77G  361G  18% /
tmpfs           7.8G  331M  7.4G   5% /dev/shm
tmpfs           5.0M  4.0K  5.0M   1% /run/lock
tmpfs           7.8G     0  7.8G   0% /sys/fs/cgroup
/dev/loop0       51M   51M     0 100% /snap/aws-cli/754
/dev/loop2      167M  167M     0 100% /snap/chromium/2923
/dev/loop1      128K  128K     0 100% /snap/bare/5
/dev/loop3      104M  104M     0 100% /snap/core/16928
/dev/loop4      166M  166M     0 100% /snap/chromium/2921
/dev/loop5      105M  105M     0 100% /snap/core/17200
/dev/loop6       51M   51M     0 100% /snap/aws-cli/756
/dev/loop7      505M  505M     0 100% /snap/gnome-42-2204/172
/dev/loop11      63M   63M     0 100% /snap/gtk-common-themes/1506
/dev/loop12      64M   64M     0 100% /snap/core20/2318
/dev/loop15      75M   75M     0 100% /snap/core22/1380
/dev/loop24      13M   13M     0 100% /snap/kubectl/3315
/dev/loop23      56M   56M     0 100% /snap/core18/2823
/dev/loop26     131M  131M     0 100% /snap/docker/2915
/dev/loop10      56M   56M     0 100% /snap/core18/2829
/dev/loop22      84M   84M     0 100% /snap/outlook-for-linux/18
/dev/loop9      165M  165M     0 100% /snap/gnome-3-28-1804/198
/dev/loop19      75M   75M     0 100% /snap/core22/1439
/dev/loop18      67M   67M     0 100% /snap/cups/1052
/dev/loop20      13M   13M     0 100% /snap/snap-store/1113
/dev/loop21      92M   92M     0 100% /snap/gtk-common-themes/1535
/dev/loop17     243M  243M     0 100% /snap/gnome-3-34-1804/27
/dev/loop16      88M   88M     0 100% /snap/teams-for-linux/645
/dev/loop14     219M  219M     0 100% /snap/gnome-3-34-1804/93
/dev/loop25      68M   68M     0 100% /snap/cups/1058
/dev/loop8      506M  506M     0 100% /snap/gnome-42-2204/176
/dev/loop13      88M   88M     0 100% /snap/teams-for-linux/649
/dev/loop27      50M   50M     0 100% /snap/snap-store/433
/dev/loop28     4.3M  4.3M     0 100% /snap/tree/18
/dev/nvme0n1p1  239M  6.3M  232M   3% /boot/efi
tmpfs           1.6G   72K  1.6G   1% /run/user/1001
Disk usage check completed successfully.
Checking Memory Usage...
              total        used        free      shared  buff/cache   available
Mem:           15Gi       5.1Gi       7.5Gi       720Mi       2.8Gi       9.3Gi
Swap:         2.0Gi       1.3Gi       698Mi
Memory usage check completed successfully.
Checking CPU Load...
%Cpu(s): 32.5 us,  4.6 sy,  0.0 ni, 62.9 id,  0.0 wa,  0.0 hi,  0.0 si,  0.0 st
CPU load check completed successfully.
